// Jest Snapshot v1, https://goo.gl/fbAQLP

exports[`replaceEnvironmentVariables matches environment variables 1`] = `
"
                const foo = process.env.JEST_WORKER_ID;
                process.env.ABC;
                console.log(process.env.NODE_ENV);
                console.log("development");
                "bar";
    
                a + b = c;
    
                env.EXPO_PUBLIC_URL;
    
                process.env['other'];
                "
`;
