// Jest Snapshot v1, https://goo.gl/fbAQLP

exports[`_getBundleStatusMessage should format standard progress for a server invocation 1`] = `"λ ./index.js ▓▓▓▓▓▓▓▓░░░░░░░░ 50.0% ( 50/100)"`;
