// Jest Snapshot v1, https://goo.gl/fbAQLP

exports[`Android Updates config ensureBuildGradleContainsConfigurationScript adds create-manifest-android.gradle line to build.gradle 1`] = `
"apply plugin: "com.android.application"
apply plugin: "com.facebook.react"

import com.android.build.OutputFile

def projectRoot = rootDir.getAbsoluteFile().getParentFile().getAbsolutePath()

/**
 * This is the configuration block to customize your React Native Android app.
 * By default you don't need to apply any configuration, just uncomment the lines you need.
 */
react {
    entryFile = file(["node", "-e", "require('expo/scripts/resolveAppEntry')", projectRoot, "android", "absolute"].execute(null, rootDir).text.trim())
    reactNativeDir = new File(["node", "--print", "require.resolve('react-native/package.json')"].execute(null, rootDir).text.trim()).getParentFile().getAbsoluteFile()
    hermesCommand = new File(["node", "--print", "require.resolve('react-native/package.json')"].execute(null, rootDir).text.trim()).getParentFile().getAbsolutePath() + "/sdks/hermesc/%OS-BIN%/hermesc"
    codegenDir = new File(["node", "--print", "require.resolve('react-native-codegen/package.json')"].execute(null, rootDir).text.trim()).getParentFile().getAbsoluteFile()

    // Use Expo CLI to bundle the app, this ensures the Metro config
    // works correctly with Expo projects.
    cliFile = new File(["node", "--print", "require.resolve('@expo/cli')"].execute(null, rootDir).text.trim())
    bundleCommand = "export:embed"

    /* Folders */
    //   The root of your project, i.e. where "package.json" lives. Default is '..'
    // root = file("../")
    //   The folder where the react-native NPM package is. Default is ../node_modules/react-native
    // reactNativeDir = file("../node_modules/react-native")
    //   The folder where the react-native Codegen package is. Default is ../node_modules/react-native-codegen
    // codegenDir = file("../node_modules/react-native-codegen")

    /* Variants */
    //   The list of variants to that are debuggable. For those we're going to
    //   skip the bundling of the JS bundle and the assets. By default is just 'debug'.
    //   If you add flavors like lite, prod, etc. you'll have to list your debuggableVariants.
    // debuggableVariants = ["liteDebug", "prodDebug"]

    /* Bundling */
    //   A list containing the node command and its flags. Default is just 'node'.
    // nodeExecutableAndArgs = ["node"]

    //
    //   The path to the CLI configuration file. Default is empty.
    // bundleConfig = file(../rn-cli.config.js)
    //
    //   The name of the generated asset file containing your JS bundle
    // bundleAssetName = "MyApplication.android.bundle"
    //
    //   The entry file for bundle generation. Default is 'index.android.js' or 'index.js'
    // entryFile = file("../js/MyApplication.android.js")
    //
    //   A list of extra flags to pass to the 'bundle' commands.
    //   See https://github.com/react-native-community/cli/blob/main/docs/commands.md#bundle
    // extraPackagerArgs = []

    /* Hermes Commands */
    //   The hermes compiler command to run. By default it is 'hermesc'
    // hermesCommand = "$rootDir/my-custom-hermesc/bin/hermesc"
    //
    //   The list of flags to pass to the Hermes compiler. By default is "-O", "-output-source-map"
    // hermesFlags = ["-O", "-output-source-map"]
}

// Override \`hermesEnabled\` by \`expo.jsEngine\`
ext {
  hermesEnabled = (findProperty('expo.jsEngine') ?: "hermes") == "hermes"
}

/**
 * Set this to true to create four separate APKs instead of one,
 * one for each native architecture. This is useful if you don't
 * use App Bundles (https://developer.android.com/guide/app-bundle/)
 * and want to have separate APKs to upload to the Play Store.
 */
def enableSeparateBuildPerCPUArchitecture = false

/**
 * Set this to true to Run Proguard on Release builds to minify the Java bytecode.
 */
def enableProguardInReleaseBuilds = (findProperty('android.enableProguardInReleaseBuilds') ?: false).toBoolean()

/**
 * The preferred build flavor of JavaScriptCore (JSC)
 *
 * For example, to use the international variant, you can use:
 * \`def jscFlavor = 'org.webkit:android-jsc-intl:+'\`
 *
 * The international variant includes ICU i18n library and necessary data
 * allowing to use e.g. \`Date.toLocaleString\` and \`String.localeCompare\` that
 * give correct results when using with locales other than en-US. Note that
 * this variant is about 6MiB larger per architecture than default.
 */
def jscFlavor = 'org.webkit:android-jsc:+'

/**
 * Private function to get the list of Native Architectures you want to build.
 * This reads the value from reactNativeArchitectures in your gradle.properties
 * file and works together with the --active-arch-only flag of react-native run-android.
 */
def reactNativeArchitectures() {
    def value = project.getProperties().get("reactNativeArchitectures")
    return value ? value.split(",") : ["armeabi-v7a", "x86", "x86_64", "arm64-v8a"]
}

android {
    ndkVersion rootProject.ext.ndkVersion

    compileSdkVersion rootProject.ext.compileSdkVersion

    namespace "com.helloworld"
    defaultConfig {
        applicationId "com.helloworld"
        minSdkVersion rootProject.ext.minSdkVersion
        targetSdkVersion rootProject.ext.targetSdkVersion
        versionCode 1
        versionName "1.0"
    }

    splits {
        abi {
            reset()
            enable enableSeparateBuildPerCPUArchitecture
            universalApk false  // If true, also generate a universal APK
            include (*reactNativeArchitectures())
        }
    }
    signingConfigs {
        debug {
            storeFile file('debug.keystore')
            storePassword 'android'
            keyAlias 'androiddebugkey'
            keyPassword 'android'
        }
    }
    buildTypes {
        debug {
            signingConfig signingConfigs.debug
        }
        release {
            // Caution! In production, you need to generate your own keystore file.
            // see https://reactnative.dev/docs/signed-apk-android.
            signingConfig signingConfigs.debug
            shrinkResources (findProperty('android.enableShrinkResourcesInReleaseBuilds')?.toBoolean() ?: false)
            minifyEnabled enableProguardInReleaseBuilds
            proguardFiles getDefaultProguardFile("proguard-android.txt"), "proguard-rules.pro"
        }
    }

    // applicationVariants are e.g. debug, release
    applicationVariants.all { variant ->
        variant.outputs.each { output ->
            // For each separate APK per architecture, set a unique version code as described here:
            // https://developer.android.com/studio/build/configure-apk-splits.html
            // Example: versionCode 1 will generate 1001 for armeabi-v7a, 1002 for x86, etc.
            def versionCodes = ["armeabi-v7a": 1, "x86": 2, "arm64-v8a": 3, "x86_64": 4]
            def abi = output.getFilter(OutputFile.ABI)
            if (abi != null) {  // null for the universal-debug, universal-release variants
                output.versionCodeOverride =
                        defaultConfig.versionCode * 1000 + versionCodes.get(abi)
            }

        }
    }
}

// Apply static values from \`gradle.properties\` to the \`android.packagingOptions\`
// Accepts values in comma delimited lists, example:
// android.packagingOptions.pickFirsts=/LICENSE,**/picasa.ini
["pickFirsts", "excludes", "merges", "doNotStrip"].each { prop ->
    // Split option: 'foo,bar' -> ['foo', 'bar']
    def options = (findProperty("android.packagingOptions.$prop") ?: "").split(",");
    // Trim all elements in place.
    for (i in 0..<options.size()) options[i] = options[i].trim();
    // \`[] - ""\` is essentially \`[""].filter(Boolean)\` removing all empty strings.
    options -= ""

    if (options.length > 0) {
        println "android.packagingOptions.$prop += $options ($options.length)"
        // Ex: android.packagingOptions.pickFirsts += '**/SCCS/**'
        options.each {
            android.packagingOptions[prop] += it
        }
    }
}

dependencies {
    // The version of react-native is set by the React Native Gradle Plugin
    implementation("com.facebook.react:react-android")

    def isGifEnabled = (findProperty('expo.gif.enabled') ?: "") == "true";
    def isWebpEnabled = (findProperty('expo.webp.enabled') ?: "") == "true";
    def isWebpAnimatedEnabled = (findProperty('expo.webp.animated') ?: "") == "true";
    def frescoVersion = rootProject.ext.frescoVersion

    // If your app supports Android versions before Ice Cream Sandwich (API level 14)
    if (isGifEnabled || isWebpEnabled) {
        implementation("com.facebook.fresco:fresco:\${frescoVersion}")
        implementation("com.facebook.fresco:imagepipeline-okhttp3:\${frescoVersion}")
    }

    if (isGifEnabled) {
        // For animated gif support
        implementation("com.facebook.fresco:animated-gif:\${frescoVersion}")
    }

    if (isWebpEnabled) {
        // For webp support
        implementation("com.facebook.fresco:webpsupport:\${frescoVersion}")
        if (isWebpAnimatedEnabled) {
            // Animated webp support
            implementation("com.facebook.fresco:animated-webp:\${frescoVersion}")
        }
    }

    implementation("androidx.swiperefreshlayout:swiperefreshlayout:1.0.0")

    debugImplementation("com.facebook.flipper:flipper:\${FLIPPER_VERSION}")
    debugImplementation("com.facebook.flipper:flipper-network-plugin:\${FLIPPER_VERSION}") {
        exclude group:'com.squareup.okhttp3', module:'okhttp'
    }
    debugImplementation("com.facebook.flipper:flipper-fresco-plugin:\${FLIPPER_VERSION}")

    if (hermesEnabled.toBoolean()) {
        implementation("com.facebook.react:hermes-android")
    } else {
        implementation jscFlavor
    }
}

apply from: new File(["node", "--print", "require.resolve('@react-native-community/cli-platform-android/package.json')"].execute(null, rootDir).text.trim(), "../native_modules.gradle");
applyNativeModulesAppBuildGradle(project)

// Integration with Expo updates
apply from: "../../node_modules/expo-updates/scripts/create-manifest-android.gradle"
"
`;

exports[`Android Updates config ensureBuildGradleContainsConfigurationScript fixes the path to create-manifest-android.gradle in case of a monorepo 1`] = `
"apply plugin: "com.android.application"

import com.android.build.OutputFile

/**
 * The react.gradle file registers a task for each build variant (e.g. bundleDebugJsAndAssets
 * and bundleReleaseJsAndAssets).
 * These basically call \`react-native bundle\` with the correct arguments during the Android build
 * cycle. By default, bundleDebugJsAndAssets is skipped, as in debug/dev mode we prefer to load the
 * bundle directly from the development server. Below you can see all the possible configurations
 * and their defaults. If you decide to add a configuration block, make sure to add it before the
 * \`apply from: "../../node_modules/react-native/react.gradle"\` line.
 *
 * project.ext.react = [
 *   // the name of the generated asset file containing your JS bundle
 *   bundleAssetName: "index.android.bundle",
 *
 *   // the entry file for bundle generation. If none specified and
 *   // "index.android.js" exists, it will be used. Otherwise "index.js" is
 *   // default. Can be overridden with ENTRY_FILE environment variable.
 *   entryFile: "index.android.js",
 *
 *   // https://reactnative.dev/docs/performance#enable-the-ram-format
 *   bundleCommand: "ram-bundle",
 *
 *   // whether to bundle JS and assets in debug mode
 *   bundleInDebug: false,
 *
 *   // whether to bundle JS and assets in release mode
 *   bundleInRelease: true,
 *
 *   // whether to bundle JS and assets in another build variant (if configured).
 *   // See http://tools.android.com/tech-docs/new-build-system/user-guide#TOC-Build-Variants
 *   // The configuration property can be in the following formats
 *   //         'bundleIn\${productFlavor}\${buildType}'
 *   //         'bundleIn\${buildType}'
 *   // bundleInFreeDebug: true,
 *   // bundleInPaidRelease: true,
 *   // bundleInBeta: true,
 *
 *   // whether to disable dev mode in custom build variants (by default only disabled in release)
 *   // for example: to disable dev mode in the staging build type (if configured)
 *   devDisabledInStaging: true,
 *   // The configuration property can be in the following formats
 *   //         'devDisabledIn\${productFlavor}\${buildType}'
 *   //         'devDisabledIn\${buildType}'
 *
 *   // the root of your project, i.e. where "package.json" lives
 *   root: "../../",
 *
 *   // where to put the JS bundle asset in debug mode
 *   jsBundleDirDebug: "$buildDir/intermediates/assets/debug",
 *
 *   // where to put the JS bundle asset in release mode
 *   jsBundleDirRelease: "$buildDir/intermediates/assets/release",
 *
 *   // where to put drawable resources / React Native assets, e.g. the ones you use via
 *   // require('./image.png')), in debug mode
 *   resourcesDirDebug: "$buildDir/intermediates/res/merged/debug",
 *
 *   // where to put drawable resources / React Native assets, e.g. the ones you use via
 *   // require('./image.png')), in release mode
 *   resourcesDirRelease: "$buildDir/intermediates/res/merged/release",
 *
 *   // by default the gradle tasks are skipped if none of the JS files or assets change; this means
 *   // that we don't look at files in android/ or ios/ to determine whether the tasks are up to
 *   // date; if you have any other folders that you want to ignore for performance reasons (gradle
 *   // indexes the entire tree), add them here. Alternatively, if you have JS files in android/
 *   // for example, you might want to remove it from here.
 *   inputExcludes: ["android/**", "ios/**"],
 *
 *   // override which node gets called and with what additional arguments
 *   nodeExecutableAndArgs: ["node"],
 *
 *   // supply additional arguments to the packager
 *   extraPackagerArgs: []
 * ]
 */

project.ext.react = [
    enableHermes: false
]

apply from: '../../node_modules/react-native-unimodules/gradle.groovy'
apply from: "../../node_modules/react-native/react.gradle"
/**
 * Set this to true to create two separate APKs instead of one:
 *   - An APK that only works on ARM devices
 *   - An APK that only works on x86 devices
 * The advantage is the size of the APK is reduced by about 4MB.
 * Upload all the APKs to the Play Store and people will download
 * the correct one based on the CPU architecture of their device.
 */
def enableSeparateBuildPerCPUArchitecture = false

/**
 * Run Proguard to shrink the Java bytecode in release builds.
 */
def enableProguardInReleaseBuilds = false

/**
 * The preferred build flavor of JavaScriptCore.
 *
 * For example, to use the international variant, you can use:
 * \`def jscFlavor = 'org.webkit:android-jsc-intl:+'\`
 *
 * The international variant includes ICU i18n library and necessary data
 * allowing to use e.g. \`Date.toLocaleString\` and \`String.localeCompare\` that
 * give correct results when using with locales other than en-US.  Note that
 * this variant is about 6MiB larger per architecture than default.
 */
def jscFlavor = 'org.webkit:android-jsc:+'

/**
 * Whether to enable the Hermes VM.
 *
 * This should be set on project.ext.react and mirrored here.  If it is not set
 * on project.ext.react, JavaScript will not be compiled to Hermes Bytecode
 * and the benefits of using Hermes will therefore be sharply reduced.
 */
def enableHermes = project.ext.react.get("enableHermes", false);

android {
    compileSdkVersion rootProject.ext.compileSdkVersion

    compileOptions {
        sourceCompatibility JavaVersion.VERSION_1_8
        targetCompatibility JavaVersion.VERSION_1_8
    }

    defaultConfig {
        applicationId "com.testapp"
        minSdkVersion rootProject.ext.minSdkVersion
        targetSdkVersion rootProject.ext.targetSdkVersion
        versionCode 1
        versionName "1.0"
    }
    splits {
        abi {
            reset()
            enable enableSeparateBuildPerCPUArchitecture
            universalApk false  // If true, also generate a universal APK
            include "armeabi-v7a", "x86", "arm64-v8a", "x86_64"
        }
    }
    signingConfigs {
        debug {
            storeFile rootProject.file('keystores/debug.keystore')
            storePassword 'android'
            keyAlias 'androiddebugkey'
            keyPassword 'android'
        }
    }
    buildTypes {
        debug {
            signingConfig signingConfigs.debug
        }
        release {
            // Caution! In production, you need to generate your own keystore file.
            // see https://reactnative.dev/docs/signed-apk-android.
            signingConfig signingConfigs.debug
            minifyEnabled enableProguardInReleaseBuilds
            proguardFiles getDefaultProguardFile("proguard-android.txt"), "proguard-rules.pro"
        }
    }

    // applicationVariants are e.g. debug, release
    applicationVariants.all { variant ->
        variant.outputs.each { output ->
            // For each separate APK per architecture, set a unique version code as described here:
            // https://developer.android.com/studio/build/configure-apk-splits.html
            def versionCodes = ["armeabi-v7a": 1, "x86": 2, "arm64-v8a": 3, "x86_64": 4]
            def abi = output.getFilter(OutputFile.ABI)
            if (abi != null) {  // null for the universal-debug, universal-release variants
                output.versionCodeOverride =
                        versionCodes.get(abi) * 1048576 + defaultConfig.versionCode
            }

        }
    }
}

dependencies {
    implementation fileTree(dir: "libs", include: ["*.jar"])
    //noinspection GradleDynamicVersion
    implementation "com.facebook.react:react-native:+"  // From node_modules
    implementation "androidx.swiperefreshlayout:swiperefreshlayout:1.0.0"
    debugImplementation("com.facebook.flipper:flipper:\${FLIPPER_VERSION}") {
      exclude group:'com.facebook.fbjni'
    }
    debugImplementation("com.facebook.flipper:flipper-network-plugin:\${FLIPPER_VERSION}") {
        exclude group:'com.facebook.flipper'
        exclude group:'com.squareup.okhttp3', module:'okhttp'
    }
    debugImplementation("com.facebook.flipper:flipper-fresco-plugin:\${FLIPPER_VERSION}") {
        exclude group:'com.facebook.flipper'
    }
    addUnimodulesDependencies()

    if (enableHermes) {
        def hermesPath = "../../node_modules/hermes-engine/android/";
        debugImplementation files(hermesPath + "hermes-debug.aar")
        releaseImplementation files(hermesPath + "hermes-release.aar")
    } else {
        implementation jscFlavor
    }
}

// Run this once to be able to run the application with BUCK
// puts all compile dependencies into folder libs for BUCK to use
task copyDownloadableDepsToLibs(type: Copy) {
    from configurations.compile
    into 'libs'
}

apply from: file("../../node_modules/@react-native-community/cli-platform-android/native_modules.gradle"); applyNativeModulesAppBuildGradle(project)
apply from: "./eas-build.gradle"

// Integration with Expo updates
apply from: "../../../node_modules/expo-updates/scripts/create-manifest-android.gradle"
"
`;
