// Jest Snapshot v1, https://goo.gl/fbAQLP

exports[`passes the environment as isReactServer to the babel preset 1`] = `
"Object.defineProperty(exports, "__esModule", {
  value: true
});
exports.default = App;
var _reactNative = require("react-native");
var _jsxDevRuntime = require("react/jsx-dev-runtime");
var _jsxFileName = "/foo.js";
function App() {
  return /*#__PURE__*/(0, _jsxDevRuntime.jsxDEV)("div", {
    children: "Hello"
  }, void 0, false, {
    fileName: _jsxFileName,
    lineNumber: 4,
    columnNumber: 16
  }, this);
}"
`;

exports[`passes the environment as isServer to the babel preset 1`] = `
"Object.defineProperty(exports, "__esModule", {
  value: true
});
exports.default = App;
var _reactNative = require("react-native");
var _jsxDevRuntime = require("react/jsx-dev-runtime");
var _jsxFileName = "/foo.js";
function App() {
  return /*#__PURE__*/(0, _jsxDevRuntime.jsxDEV)("div", {
    children: "Hello"
  }, void 0, false, {
    fileName: _jsxFileName,
    lineNumber: 4,
    columnNumber: 16
  }, this);
}"
`;
