// Jest Snapshot v1, https://goo.gl/fbAQLP

exports[`AppConfigSchemaPropertiesTable correctly matches snapshot 1`] = `
<div>
  <div>
    <div
      class="!mb-0 !rounded-none !border-b-0 !shadow-none [&]:first-of-type:!rounded-t-md [&]:last-of-type:!rounded-b-md [&]:last-of-type:!border-b [&]:last-of-type:!border-default !pb-4 last:[&>*]:!mb-1 emotion-0"
    >
      <p
        class="group emotion-1"
        data-text="true"
      >
        <a
          class="inline-flex gap-1.5 items-center relative text-[inherit] decoration-0 scroll-m-12"
          href="#name"
          id="name"
        >
          <span
            class="inline"
          >
            <code
              class="!px-1.5 !text-sm emotion-2"
              data-text="true"
            >
              name
            </code>
          </span>
          <svg
            aria-label="permalink"
            class="icon-md inline-flex invisible group-hover:visible group-focus-visible:visible"
            fill="none"
            height="24"
            viewBox="0 0 24 24"
            width="24"
            xmlns="http://www.w3.org/2000/svg"
          >
            <path
              d="M10 13a5 5 0 007.54.54l3-3a5 5 0 00-7.07-7.07l-1.72 1.71"
              stroke="#9B9B9B"
              stroke-linecap="round"
              stroke-linejoin="round"
              stroke-width="2"
            />
            <path
              d="M14 11a5 5 0 00-7.54-.54l-3 3a5 5 0 007.07 7.07l1.71-1.71"
              stroke="#9B9B9B"
              stroke-linecap="round"
              stroke-linejoin="round"
              stroke-width="2"
            />
          </svg>
        </a>
      </p>
      <p
        class="my-3 emotion-3"
        data-text="true"
      >
        Type: 
        <code
          class="emotion-2"
          data-text="true"
        >
          string
        </code>
      </p>
      <p
        class="mb-3.5 emotion-1"
        data-text="true"
      >
        Name of your app.
      </p>
      <details
        class="emotion-6"
        id="bare-workflow"
      >
        <summary
          class="group emotion-7"
        >
          <div
            class="emotion-8"
          >
            <svg
              class="icon-sm text-icon-default emotion-9"
              fill="none"
              role="img"
              viewBox="0 0 24 24"
              xmlns="http://www.w3.org/2000/svg"
            >
              <g
                id="triangle-down-custom-icon"
              >
                <path
                  d="M18.8831 9.43005H5.11694L12 16.3131L18.8831 9.43005Z"
                  fill="currentColor"
                  id="Vector 250"
                />
              </g>
            </svg>
          </div>
          <span
            class="inline-flex gap-1.5 items-center scroll-m-5 mr-2 relative"
          >
            <span
              class="emotion-10"
              data-text="true"
            >
              Bare Workflow
            </span>
          </span>
          <a
            href="#bare-workflow"
          >
            <svg
              aria-label="permalink"
              class="icon-sm inline-flex invisible group-hover:visible group-focus-visible:visible"
              fill="none"
              height="24"
              viewBox="0 0 24 24"
              width="24"
              xmlns="http://www.w3.org/2000/svg"
            >
              <path
                d="M10 13a5 5 0 007.54.54l3-3a5 5 0 00-7.07-7.07l-1.72 1.71"
                stroke="#9B9B9B"
                stroke-linecap="round"
                stroke-linejoin="round"
                stroke-width="2"
              />
              <path
                d="M14 11a5 5 0 00-7.54-.54l-3 3a5 5 0 007.07 7.07l1.71-1.71"
                stroke="#9B9B9B"
                stroke-linecap="round"
                stroke-linejoin="round"
                stroke-width="2"
              />
            </svg>
          </a>
        </summary>
        <div
          class="last:[&>*]:!mb-1 emotion-11"
        >
          <p
            class="mb-3.5 emotion-1"
            data-text="true"
          >
            Edit the 'Display Name' field in Xcode
          </p>
        </div>
      </details>
    </div>
    <div
      class="!mb-0 !rounded-none !border-b-0 !shadow-none [&]:first-of-type:!rounded-t-md [&]:last-of-type:!rounded-b-md [&]:last-of-type:!border-b [&]:last-of-type:!border-default !pb-4 last:[&>*]:!mb-1 emotion-0"
    >
      <p
        class="group emotion-1"
        data-text="true"
      >
        <a
          class="inline-flex gap-1.5 items-center relative text-[inherit] decoration-0 scroll-m-12"
          href="#androidnavigationbar"
          id="androidnavigationbar"
        >
          <span
            class="inline"
          >
            <code
              class="!px-1.5 !text-sm emotion-2"
              data-text="true"
            >
              androidNavigationBar
            </code>
          </span>
          <svg
            aria-label="permalink"
            class="icon-md inline-flex invisible group-hover:visible group-focus-visible:visible"
            fill="none"
            height="24"
            viewBox="0 0 24 24"
            width="24"
            xmlns="http://www.w3.org/2000/svg"
          >
            <path
              d="M10 13a5 5 0 007.54.54l3-3a5 5 0 00-7.07-7.07l-1.72 1.71"
              stroke="#9B9B9B"
              stroke-linecap="round"
              stroke-linejoin="round"
              stroke-width="2"
            />
            <path
              d="M14 11a5 5 0 00-7.54-.54l-3 3a5 5 0 007.07 7.07l1.71-1.71"
              stroke="#9B9B9B"
              stroke-linecap="round"
              stroke-linejoin="round"
              stroke-width="2"
            />
          </svg>
        </a>
      </p>
      <p
        class="my-3 emotion-3"
        data-text="true"
      >
        Type: 
        <code
          class="emotion-2"
          data-text="true"
        >
          object
        </code>
      </p>
      <p
        class="mb-3.5 emotion-1"
        data-text="true"
      >
        Configuration for the bottom navigation bar on Android.
      </p>
      <details
        class="emotion-6"
        id="expokit"
      >
        <summary
          class="group emotion-7"
        >
          <div
            class="emotion-8"
          >
            <svg
              class="icon-sm text-icon-default emotion-9"
              fill="none"
              role="img"
              viewBox="0 0 24 24"
              xmlns="http://www.w3.org/2000/svg"
            >
              <g
                id="triangle-down-custom-icon"
              >
                <path
                  d="M18.8831 9.43005H5.11694L12 16.3131L18.8831 9.43005Z"
                  fill="currentColor"
                  id="Vector 250"
                />
              </g>
            </svg>
          </div>
          <span
            class="inline-flex gap-1.5 items-center scroll-m-5 mr-2 relative"
          >
            <span
              class="emotion-10"
              data-text="true"
            >
              ExpoKit
            </span>
          </span>
          <a
            href="#expokit"
          >
            <svg
              aria-label="permalink"
              class="icon-sm inline-flex invisible group-hover:visible group-focus-visible:visible"
              fill="none"
              height="24"
              viewBox="0 0 24 24"
              width="24"
              xmlns="http://www.w3.org/2000/svg"
            >
              <path
                d="M10 13a5 5 0 007.54.54l3-3a5 5 0 00-7.07-7.07l-1.72 1.71"
                stroke="#9B9B9B"
                stroke-linecap="round"
                stroke-linejoin="round"
                stroke-width="2"
              />
              <path
                d="M14 11a5 5 0 00-7.54-.54l-3 3a5 5 0 007.07 7.07l1.71-1.71"
                stroke="#9B9B9B"
                stroke-linecap="round"
                stroke-linejoin="round"
                stroke-width="2"
              />
            </svg>
          </a>
        </summary>
        <div
          class="last:[&>*]:!mb-1 emotion-11"
        >
          <p
            class="mb-3.5 emotion-1"
            data-text="true"
          >
            Set this property using AppConstants.java.
          </p>
        </div>
      </details>
      <details
        class="emotion-6"
        id="bare-workflow-1"
      >
        <summary
          class="group emotion-7"
        >
          <div
            class="emotion-8"
          >
            <svg
              class="icon-sm text-icon-default emotion-9"
              fill="none"
              role="img"
              viewBox="0 0 24 24"
              xmlns="http://www.w3.org/2000/svg"
            >
              <g
                id="triangle-down-custom-icon"
              >
                <path
                  d="M18.8831 9.43005H5.11694L12 16.3131L18.8831 9.43005Z"
                  fill="currentColor"
                  id="Vector 250"
                />
              </g>
            </svg>
          </div>
          <span
            class="inline-flex gap-1.5 items-center scroll-m-5 mr-2 relative"
          >
            <span
              class="emotion-10"
              data-text="true"
            >
              Bare Workflow
            </span>
          </span>
          <a
            href="#bare-workflow-1"
          >
            <svg
              aria-label="permalink"
              class="icon-sm inline-flex invisible group-hover:visible group-focus-visible:visible"
              fill="none"
              height="24"
              viewBox="0 0 24 24"
              width="24"
              xmlns="http://www.w3.org/2000/svg"
            >
              <path
                d="M10 13a5 5 0 007.54.54l3-3a5 5 0 00-7.07-7.07l-1.72 1.71"
                stroke="#9B9B9B"
                stroke-linecap="round"
                stroke-linejoin="round"
                stroke-width="2"
              />
              <path
                d="M14 11a5 5 0 00-7.54-.54l-3 3a5 5 0 007.07 7.07l1.71-1.71"
                stroke="#9B9B9B"
                stroke-linecap="round"
                stroke-linejoin="round"
                stroke-width="2"
              />
            </svg>
          </a>
        </summary>
        <div
          class="last:[&>*]:!mb-1 emotion-11"
        >
          <p
            class="mb-3.5 emotion-1"
            data-text="true"
          >
            Set this property using just Xcode
          </p>
        </div>
      </details>
      <div
        class="!mb-0 !rounded-none !border-b-0 !shadow-none [&]:first-of-type:!rounded-t-md [&]:last-of-type:!rounded-b-md [&]:last-of-type:!border-b [&]:last-of-type:!border-default !pb-4 last:[&>*]:!mb-1 emotion-0"
      >
        <p
          class="group emotion-1"
          data-text="true"
        >
          <a
            class="inline-flex gap-1.5 items-center relative text-[inherit] decoration-0 scroll-m-12"
            href="#visible"
            id="visible"
          >
            <span
              class="inline"
            >
              <code
                class="!px-1.5 !text-sm emotion-2"
                data-text="true"
              >
                visible
              </code>
            </span>
            <svg
              aria-label="permalink"
              class="inline-flex invisible group-hover:visible group-focus-visible:visible icon-sm"
              fill="none"
              height="24"
              viewBox="0 0 24 24"
              width="24"
              xmlns="http://www.w3.org/2000/svg"
            >
              <path
                d="M10 13a5 5 0 007.54.54l3-3a5 5 0 00-7.07-7.07l-1.72 1.71"
                stroke="#9B9B9B"
                stroke-linecap="round"
                stroke-linejoin="round"
                stroke-width="2"
              />
              <path
                d="M14 11a5 5 0 00-7.54-.54l-3 3a5 5 0 007.07 7.07l1.71-1.71"
                stroke="#9B9B9B"
                stroke-linecap="round"
                stroke-linejoin="round"
                stroke-width="2"
              />
            </svg>
          </a>
        </p>
        <p
          class="my-3 emotion-3"
          data-text="true"
        >
          Type: 
          <code
            class="emotion-2"
            data-text="true"
          >
            enum
          </code>
           • Path:
           
          <code
            class="text-secondary px-1 break-words"
          >
            androidNavigationBar
            .
            visible
          </code>
        </p>
        <p
          class="mb-3.5 emotion-1"
          data-text="true"
        >
          Determines how and when the navigation bar is shown.
        </p>
        <details
          class="emotion-6"
          id="expokit-1"
        >
          <summary
            class="group emotion-7"
          >
            <div
              class="emotion-8"
            >
              <svg
                class="icon-sm text-icon-default emotion-9"
                fill="none"
                role="img"
                viewBox="0 0 24 24"
                xmlns="http://www.w3.org/2000/svg"
              >
                <g
                  id="triangle-down-custom-icon"
                >
                  <path
                    d="M18.8831 9.43005H5.11694L12 16.3131L18.8831 9.43005Z"
                    fill="currentColor"
                    id="Vector 250"
                  />
                </g>
              </svg>
            </div>
            <span
              class="inline-flex gap-1.5 items-center scroll-m-5 mr-2 relative"
            >
              <span
                class="emotion-10"
                data-text="true"
              >
                ExpoKit
              </span>
            </span>
            <a
              href="#expokit-1"
            >
              <svg
                aria-label="permalink"
                class="icon-sm inline-flex invisible group-hover:visible group-focus-visible:visible"
                fill="none"
                height="24"
                viewBox="0 0 24 24"
                width="24"
                xmlns="http://www.w3.org/2000/svg"
              >
                <path
                  d="M10 13a5 5 0 007.54.54l3-3a5 5 0 00-7.07-7.07l-1.72 1.71"
                  stroke="#9B9B9B"
                  stroke-linecap="round"
                  stroke-linejoin="round"
                  stroke-width="2"
                />
                <path
                  d="M14 11a5 5 0 00-7.54-.54l-3 3a5 5 0 007.07 7.07l1.71-1.71"
                  stroke="#9B9B9B"
                  stroke-linecap="round"
                  stroke-linejoin="round"
                  stroke-width="2"
                />
              </svg>
            </a>
          </summary>
          <div
            class="last:[&>*]:!mb-1 emotion-11"
          >
            <p
              class="mb-3.5 emotion-1"
              data-text="true"
            >
              Set this property using Xcode.
            </p>
          </div>
        </details>
        <div
          class="!mb-0 !rounded-none !border-b-0 !shadow-none [&]:first-of-type:!rounded-t-md [&]:last-of-type:!rounded-b-md [&]:last-of-type:!border-b [&]:last-of-type:!border-default !pb-4 last:[&>*]:!mb-1 emotion-0"
        >
          <p
            class="group emotion-1"
            data-text="true"
          >
            <a
              class="inline-flex gap-1.5 items-center relative text-[inherit] decoration-0 scroll-m-12"
              href="#always"
              id="always"
            >
              <span
                class="inline"
              >
                <code
                  class="!px-1.5 !text-sm emotion-2"
                  data-text="true"
                >
                  always
                </code>
              </span>
              <svg
                aria-label="permalink"
                class="inline-flex invisible group-hover:visible group-focus-visible:visible icon-sm"
                fill="none"
                height="24"
                viewBox="0 0 24 24"
                width="24"
                xmlns="http://www.w3.org/2000/svg"
              >
                <path
                  d="M10 13a5 5 0 007.54.54l3-3a5 5 0 00-7.07-7.07l-1.72 1.71"
                  stroke="#9B9B9B"
                  stroke-linecap="round"
                  stroke-linejoin="round"
                  stroke-width="2"
                />
                <path
                  d="M14 11a5 5 0 00-7.54-.54l-3 3a5 5 0 007.07 7.07l1.71-1.71"
                  stroke="#9B9B9B"
                  stroke-linecap="round"
                  stroke-linejoin="round"
                  stroke-width="2"
                />
              </svg>
            </a>
          </p>
          <p
            class="my-3 emotion-3"
            data-text="true"
          >
            Type: 
            <code
              class="emotion-2"
              data-text="true"
            >
              boolean
            </code>
             • Path:
             
            <code
              class="text-secondary px-1 break-words"
            >
              androidNavigationBar.visible
              .
              always
            </code>
          </p>
          <p
            class="mb-3.5 emotion-1"
            data-text="true"
          >
            Test sub-sub-property
          </p>
        </div>
      </div>
      <div
        class="!mb-0 !rounded-none !border-b-0 !shadow-none [&]:first-of-type:!rounded-t-md [&]:last-of-type:!rounded-b-md [&]:last-of-type:!border-b [&]:last-of-type:!border-default !pb-4 last:[&>*]:!mb-1 emotion-0"
      >
        <p
          class="group emotion-1"
          data-text="true"
        >
          <a
            class="inline-flex gap-1.5 items-center relative text-[inherit] decoration-0 scroll-m-12"
            href="#backgroundcolor"
            id="backgroundcolor"
          >
            <span
              class="inline"
            >
              <code
                class="!px-1.5 !text-sm emotion-2"
                data-text="true"
              >
                backgroundColor
              </code>
            </span>
            <svg
              aria-label="permalink"
              class="inline-flex invisible group-hover:visible group-focus-visible:visible icon-sm"
              fill="none"
              height="24"
              viewBox="0 0 24 24"
              width="24"
              xmlns="http://www.w3.org/2000/svg"
            >
              <path
                d="M10 13a5 5 0 007.54.54l3-3a5 5 0 00-7.07-7.07l-1.72 1.71"
                stroke="#9B9B9B"
                stroke-linecap="round"
                stroke-linejoin="round"
                stroke-width="2"
              />
              <path
                d="M14 11a5 5 0 00-7.54-.54l-3 3a5 5 0 007.07 7.07l1.71-1.71"
                stroke="#9B9B9B"
                stroke-linecap="round"
                stroke-linejoin="round"
                stroke-width="2"
              />
            </svg>
          </a>
        </p>
        <p
          class="my-3 emotion-3"
          data-text="true"
        >
          Type: 
          <code
            class="emotion-2"
            data-text="true"
          >
            string
          </code>
           • Path:
           
          <code
            class="text-secondary px-1 break-words"
          >
            androidNavigationBar
            .
            backgroundColor
          </code>
        </p>
        <p
          class="mb-3.5 emotion-1"
          data-text="true"
        >
          Specifies the background color of the navigation bar.
        </p>
        

        <p
          class="mb-3.5 emotion-1"
          data-text="true"
        >
          6 character long hex color string, eg: 
          <code
            class="emotion-59"
            data-text="true"
          >
            '#000000'
          </code>
        </p>
      </div>
    </div>
    <div
      class="!mb-0 !rounded-none !border-b-0 !shadow-none [&]:first-of-type:!rounded-t-md [&]:last-of-type:!rounded-b-md [&]:last-of-type:!border-b [&]:last-of-type:!border-default !pb-4 last:[&>*]:!mb-1 emotion-0"
    >
      <p
        class="group emotion-1"
        data-text="true"
      >
        <a
          class="inline-flex gap-1.5 items-center relative text-[inherit] decoration-0 scroll-m-12"
          href="#intentfilters"
          id="intentfilters"
        >
          <span
            class="inline"
          >
            <code
              class="!px-1.5 !text-sm emotion-2"
              data-text="true"
            >
              intentFilters
            </code>
          </span>
          <svg
            aria-label="permalink"
            class="icon-md inline-flex invisible group-hover:visible group-focus-visible:visible"
            fill="none"
            height="24"
            viewBox="0 0 24 24"
            width="24"
            xmlns="http://www.w3.org/2000/svg"
          >
            <path
              d="M10 13a5 5 0 007.54.54l3-3a5 5 0 00-7.07-7.07l-1.72 1.71"
              stroke="#9B9B9B"
              stroke-linecap="round"
              stroke-linejoin="round"
              stroke-width="2"
            />
            <path
              d="M14 11a5 5 0 00-7.54-.54l-3 3a5 5 0 007.07 7.07l1.71-1.71"
              stroke="#9B9B9B"
              stroke-linecap="round"
              stroke-linejoin="round"
              stroke-width="2"
            />
          </svg>
        </a>
      </p>
      <p
        class="my-3 emotion-3"
        data-text="true"
      >
        Type: 
        <code
          class="emotion-2"
          data-text="true"
        >
          array
        </code>
      </p>
      <p
        class="mb-3.5 emotion-1"
        data-text="true"
      >
        Configuration for setting an array of custom intent filters in Android manifest.
      </p>
      <details
        class="emotion-6"
        id="bare-workflow-2"
      >
        <summary
          class="group emotion-7"
        >
          <div
            class="emotion-8"
          >
            <svg
              class="icon-sm text-icon-default emotion-9"
              fill="none"
              role="img"
              viewBox="0 0 24 24"
              xmlns="http://www.w3.org/2000/svg"
            >
              <g
                id="triangle-down-custom-icon"
              >
                <path
                  d="M18.8831 9.43005H5.11694L12 16.3131L18.8831 9.43005Z"
                  fill="currentColor"
                  id="Vector 250"
                />
              </g>
            </svg>
          </div>
          <span
            class="inline-flex gap-1.5 items-center scroll-m-5 mr-2 relative"
          >
            <span
              class="emotion-10"
              data-text="true"
            >
              Bare Workflow
            </span>
          </span>
          <a
            href="#bare-workflow-2"
          >
            <svg
              aria-label="permalink"
              class="icon-sm inline-flex invisible group-hover:visible group-focus-visible:visible"
              fill="none"
              height="24"
              viewBox="0 0 24 24"
              width="24"
              xmlns="http://www.w3.org/2000/svg"
            >
              <path
                d="M10 13a5 5 0 007.54.54l3-3a5 5 0 00-7.07-7.07l-1.72 1.71"
                stroke="#9B9B9B"
                stroke-linecap="round"
                stroke-linejoin="round"
                stroke-width="2"
              />
              <path
                d="M14 11a5 5 0 00-7.54-.54l-3 3a5 5 0 007.07 7.07l1.71-1.71"
                stroke="#9B9B9B"
                stroke-linecap="round"
                stroke-linejoin="round"
                stroke-width="2"
              />
            </svg>
          </a>
        </summary>
        <div
          class="last:[&>*]:!mb-1 emotion-11"
        >
          <p
            class="mb-3.5 emotion-1"
            data-text="true"
          >
            This is set in AndroidManifest.xml directly.
          </p>
        </div>
      </details>
      <span
        class="grid grid-cols-1 gap-2 mb-6"
      >
        <p
          class="font-bold emotion-3"
          data-text="true"
        >
          Example
        </p>
        <span
          class="[&_span]:!text-inherit emotion-74"
          data-text="true"
        >
          <code
            class="emotion-75"
            data-text="true"
          >
            [
  {
    "autoVerify": true,
    "data": {
      "host": "*.example.com"
    }
  }
]
          </code>
        </span>
      </span>
      <div
        class="!mb-0 !rounded-none !border-b-0 !shadow-none [&]:first-of-type:!rounded-t-md [&]:last-of-type:!rounded-b-md [&]:last-of-type:!border-b [&]:last-of-type:!border-default !pb-4 last:[&>*]:!mb-1 emotion-0"
      >
        <p
          class="group emotion-1"
          data-text="true"
        >
          <a
            class="inline-flex gap-1.5 items-center relative text-[inherit] decoration-0 scroll-m-12"
            href="#autoverify"
            id="autoverify"
          >
            <span
              class="inline"
            >
              <code
                class="!px-1.5 !text-sm emotion-2"
                data-text="true"
              >
                autoVerify
              </code>
            </span>
            <svg
              aria-label="permalink"
              class="inline-flex invisible group-hover:visible group-focus-visible:visible icon-sm"
              fill="none"
              height="24"
              viewBox="0 0 24 24"
              width="24"
              xmlns="http://www.w3.org/2000/svg"
            >
              <path
                d="M10 13a5 5 0 007.54.54l3-3a5 5 0 00-7.07-7.07l-1.72 1.71"
                stroke="#9B9B9B"
                stroke-linecap="round"
                stroke-linejoin="round"
                stroke-width="2"
              />
              <path
                d="M14 11a5 5 0 00-7.54-.54l-3 3a5 5 0 007.07 7.07l1.71-1.71"
                stroke="#9B9B9B"
                stroke-linecap="round"
                stroke-linejoin="round"
                stroke-width="2"
              />
            </svg>
          </a>
        </p>
        <p
          class="my-3 emotion-3"
          data-text="true"
        >
          Type: 
          <code
            class="emotion-2"
            data-text="true"
          >
            boolean
          </code>
           • Path:
           
          <code
            class="text-secondary px-1 break-words"
          >
            intentFilters
            .
            autoVerify
          </code>
        </p>
        <p
          class="mb-3.5 emotion-1"
          data-text="true"
        >
          You may also use an intent filter to set your app as the default handler for links
        </p>
      </div>
      <div
        class="!mb-0 !rounded-none !border-b-0 !shadow-none [&]:first-of-type:!rounded-t-md [&]:last-of-type:!rounded-b-md [&]:last-of-type:!border-b [&]:last-of-type:!border-default !pb-4 last:[&>*]:!mb-1 emotion-0"
      >
        <p
          class="group emotion-1"
          data-text="true"
        >
          <a
            class="inline-flex gap-1.5 items-center relative text-[inherit] decoration-0 scroll-m-12"
            href="#data"
            id="data"
          >
            <span
              class="inline"
            >
              <code
                class="!px-1.5 !text-sm emotion-2"
                data-text="true"
              >
                data
              </code>
            </span>
            <svg
              aria-label="permalink"
              class="inline-flex invisible group-hover:visible group-focus-visible:visible icon-sm"
              fill="none"
              height="24"
              viewBox="0 0 24 24"
              width="24"
              xmlns="http://www.w3.org/2000/svg"
            >
              <path
                d="M10 13a5 5 0 007.54.54l3-3a5 5 0 00-7.07-7.07l-1.72 1.71"
                stroke="#9B9B9B"
                stroke-linecap="round"
                stroke-linejoin="round"
                stroke-width="2"
              />
              <path
                d="M14 11a5 5 0 00-7.54-.54l-3 3a5 5 0 007.07 7.07l1.71-1.71"
                stroke="#9B9B9B"
                stroke-linecap="round"
                stroke-linejoin="round"
                stroke-width="2"
              />
            </svg>
          </a>
        </p>
        <p
          class="my-3 emotion-3"
          data-text="true"
        >
          Type: 
          <code
            class="emotion-2"
            data-text="true"
          >
            array || object
          </code>
           • Path:
           
          <code
            class="text-secondary px-1 break-words"
          >
            intentFilters
            .
            data
          </code>
        </p>
        <div
          class="!mb-0 !rounded-none !border-b-0 !shadow-none [&]:first-of-type:!rounded-t-md [&]:last-of-type:!rounded-b-md [&]:last-of-type:!border-b [&]:last-of-type:!border-default !pb-4 last:[&>*]:!mb-1 emotion-0"
        >
          <p
            class="group emotion-1"
            data-text="true"
          >
            <a
              class="inline-flex gap-1.5 items-center relative text-[inherit] decoration-0 scroll-m-12"
              href="#host"
              id="host"
            >
              <span
                class="inline"
              >
                <code
                  class="!px-1.5 !text-sm emotion-2"
                  data-text="true"
                >
                  host
                </code>
              </span>
              <svg
                aria-label="permalink"
                class="inline-flex invisible group-hover:visible group-focus-visible:visible icon-sm"
                fill="none"
                height="24"
                viewBox="0 0 24 24"
                width="24"
                xmlns="http://www.w3.org/2000/svg"
              >
                <path
                  d="M10 13a5 5 0 007.54.54l3-3a5 5 0 00-7.07-7.07l-1.72 1.71"
                  stroke="#9B9B9B"
                  stroke-linecap="round"
                  stroke-linejoin="round"
                  stroke-width="2"
                />
                <path
                  d="M14 11a5 5 0 00-7.54-.54l-3 3a5 5 0 007.07 7.07l1.71-1.71"
                  stroke="#9B9B9B"
                  stroke-linecap="round"
                  stroke-linejoin="round"
                  stroke-width="2"
                />
              </svg>
            </a>
          </p>
          <p
            class="my-3 emotion-3"
            data-text="true"
          >
            Type: 
            <code
              class="emotion-2"
              data-text="true"
            >
              string
            </code>
             • Path:
             
            <code
              class="text-secondary px-1 break-words"
            >
              intentFilters.data
              .
              host
            </code>
          </p>
        </div>
      </div>
    </div>
  </div>
</div>
`;
