// Jest Snapshot v1, https://goo.gl/fbAQLP

exports[`withIosModulesAppDelegate sdkVersion snapshots sdkVersion 43.0.0 1`] = `
"#import <React/RCTBridgeDelegate.h>
#import <Expo/Expo.h>
#import <UIKit/UIKit.h>

@interface AppDelegate : EXAppDelegateWrapper <UIApplicationDelegate, RCTBridgeDelegate>

@property (nonatomic, strong) UIWindow *window;

@end
"
`;

exports[`withIosModulesAppDelegate sdkVersion snapshots sdkVersion 43.0.0 2`] = `
"#import "AppDelegate.h"

#import <React/RCTBridge.h>
#import <React/RCTBundleURLProvider.h>
#import <React/RCTRootView.h>

@implementation AppDelegate

- (BOOL)application:(UIApplication *)application didFinishLaunchingWithOptions:(NSDictionary *)launchOptions
{
#ifdef FB_SONARKIT_ENABLED
  InitializeFlipper(application);
#endif

  RCTBridge *bridge = [[RCTBridge alloc] initWithDelegate:self launchOptions:launchOptions];
  RCTRootView *rootView = [[RCTRootView alloc] initWithBridge:bridge
                                               moduleName:@"RN0633"
                                               initialProperties:nil];

  rootView.backgroundColor = [[UIColor alloc] initWithRed:1.0f green:1.0f blue:1.0f alpha:1];

  self.window = [[UIWindow alloc] initWithFrame:[UIScreen mainScreen].bounds];
  UIViewController *rootViewController = [UIViewController new];
  rootViewController.view = rootView;
  self.window.rootViewController = rootViewController;
  [self.window makeKeyAndVisible];
  [super application:application didFinishLaunchingWithOptions:launchOptions];
  return YES;
}

- (NSURL *)sourceURLForBridge:(RCTBridge *)bridge
{
#if DEBUG
  return [[RCTBundleURLProvider sharedSettings] jsBundleURLForBundleRoot:@"index" fallbackResource:nil];
#else
  return [[NSBundle mainBundle] URLForResource:@"main" withExtension:@"jsbundle"];
#endif
}

@end
"
`;

exports[`withIosModulesAppDelegate sdkVersion snapshots sdkVersion 43.0.0 3`] = `
"import UIKit

@UIApplicationMain
class AppDelegate: AppDelegateWrapper, RCTBridgeDelegate {
  var window: UIWindow?

  func application(_ application: UIApplication, didFinishLaunchingWithOptions launchOptions: [UIApplication.LaunchOptionsKey: Any]?) -> Bool {
    let bridge = RCTBridge(delegate: self, launchOptions: launchOptions)!
    let rootView = RCTRootView(bridge: bridge, moduleName: "HelloWorld", initialProperties: nil)

    if #available(iOS 13.0, *) {
      rootView.backgroundColor = UIColor.systemBackground
    } else {
      rootView.backgroundColor = UIColor.white
    }

    self.window = UIWindow(frame: UIScreen.main.bounds);
    let rootViewController = UIViewController()
    rootViewController.view = rootView
    self.window?.rootViewController = rootViewController
    self.window?.makeKeyAndVisible()
    super.application(application, didFinishLaunchingWithOptions: launchOptions)
    return true
  }

  func sourceURL(for bridge: RCTBridge!) -> URL! {
    #if DEBUG
    return RCTBundleURLProvider.sharedSettings()?.jsBundleURL(forBundleRoot: "index", fallbackResource: nil)
    #else
    return Bundle.main.url(forResource: "main", withExtension: "jsBundle")
    #endif
  }
}
"
`;

exports[`withIosModulesAppDelegate sdkVersion snapshots sdkVersion 44.0.0 1`] = `
"#import <React/RCTBridgeDelegate.h>
#import <Expo/Expo.h>
#import <UIKit/UIKit.h>

@interface AppDelegate : EXAppDelegateWrapper <UIApplicationDelegate, RCTBridgeDelegate>

@property (nonatomic, strong) UIWindow *window;

@end
"
`;

exports[`withIosModulesAppDelegate sdkVersion snapshots sdkVersion 44.0.0 2`] = `
"#import "AppDelegate.h"

#import <React/RCTBridge.h>
#import <React/RCTBundleURLProvider.h>
#import <React/RCTRootView.h>

@implementation AppDelegate

- (BOOL)application:(UIApplication *)application didFinishLaunchingWithOptions:(NSDictionary *)launchOptions
{
#ifdef FB_SONARKIT_ENABLED
  InitializeFlipper(application);
#endif

  RCTBridge *bridge = [self.reactDelegate createBridgeWithDelegate:self launchOptions:launchOptions];
  RCTRootView *rootView = [self.reactDelegate createRootViewWithBridge:bridge
                                               moduleName:@"RN0633"
                                               initialProperties:nil];

  rootView.backgroundColor = [[UIColor alloc] initWithRed:1.0f green:1.0f blue:1.0f alpha:1];

  self.window = [[UIWindow alloc] initWithFrame:[UIScreen mainScreen].bounds];
  UIViewController *rootViewController = [self.reactDelegate createRootViewController];
  rootViewController.view = rootView;
  self.window.rootViewController = rootViewController;
  [self.window makeKeyAndVisible];
  [super application:application didFinishLaunchingWithOptions:launchOptions];
  return YES;
}

- (NSURL *)sourceURLForBridge:(RCTBridge *)bridge
{
#if DEBUG
  return [[RCTBundleURLProvider sharedSettings] jsBundleURLForBundleRoot:@"index" fallbackResource:nil];
#else
  return [[NSBundle mainBundle] URLForResource:@"main" withExtension:@"jsbundle"];
#endif
}

@end
"
`;

exports[`withIosModulesAppDelegate sdkVersion snapshots sdkVersion 44.0.0 3`] = `
"import UIKit

@UIApplicationMain
class AppDelegate: AppDelegateWrapper, RCTBridgeDelegate {
  var window: UIWindow?

  func application(_ application: UIApplication, didFinishLaunchingWithOptions launchOptions: [UIApplication.LaunchOptionsKey: Any]?) -> Bool {
    let bridge = reactDelegate.createBridge(delegate: self, launchOptions: launchOptions)!
    let rootView = reactDelegate.createRootView(bridge: bridge, moduleName: "HelloWorld", initialProperties: nil)

    if #available(iOS 13.0, *) {
      rootView.backgroundColor = UIColor.systemBackground
    } else {
      rootView.backgroundColor = UIColor.white
    }

    self.window = UIWindow(frame: UIScreen.main.bounds);
    let rootViewController = reactDelegate.createRootViewController()
    rootViewController.view = rootView
    self.window?.rootViewController = rootViewController
    self.window?.makeKeyAndVisible()
    super.application(application, didFinishLaunchingWithOptions: launchOptions)
    return true
  }

  func sourceURL(for bridge: RCTBridge!) -> URL! {
    #if DEBUG
    return RCTBundleURLProvider.sharedSettings()?.jsBundleURL(forBundleRoot: "index", fallbackResource: nil)
    #else
    return Bundle.main.url(forResource: "main", withExtension: "jsBundle")
    #endif
  }
}
"
`;
