// Jest Snapshot v1, https://goo.gl/fbAQLP

exports[`TableOfContents correctly matches snapshot 1`] = `
<div>
  <nav
    class="w-[280px] px-6 pb-10 pt-14"
    data-sidebar="true"
  >
    <p
      class="text-default text-[14px] leading-[1.5715] tracking-[-0.006rem] font-medium absolute z-10 -mt-14 mb-2 flex min-h-[32px] w-[248px] select-none items-center gap-2 bg-default pb-2 pt-4"
      data-text="true"
    >
      <svg
        class="text-icon-default translate-z icon-sm"
        fill="none"
        role="img"
        stroke="currentColor"
        viewBox="0 0 24 24"
      >
        <g
          id="layout-alt-03-outline-icon"
        >
          <path
            d="M17.5 17H6.5M17.5 13H6.5M3 9H21M7.8 3H16.2C17.8802 3 18.7202 3 19.362 3.32698C19.9265 3.6146 20.3854 4.07354 20.673 4.63803C21 5.27976 21 6.11984 21 7.8V16.2C21 17.8802 21 18.7202 20.673 19.362C20.3854 19.9265 19.9265 20.3854 19.362 20.673C18.7202 21 17.8802 21 16.2 21H7.8C6.11984 21 5.27976 21 4.63803 20.673C4.07354 20.3854 3.6146 19.9265 3.32698 19.362C3 18.7202 3 17.8802 3 16.2V7.8C3 6.11984 3 5.27976 3.32698 4.63803C3.6146 4.07354 4.07354 3.6146 4.63803 3.32698C5.27976 3 6.11984 3 7.8 3Z"
            id="Icon"
            stroke-linecap="round"
            stroke-linejoin="round"
            stroke-width="2"
          />
        </g>
      </svg>
       On this page
      <button
        class="cursor-pointer inline-flex border border-solid rounded-md font-medium items-center whitespace-nowrap gap-1.5 h-8 text-3xs border-button-quaternary bg-button-quaternary text-button-quaternary shadow-none hocus:bg-button-quaternary-hover active:scale-98 ml-auto mr-2 px-2 transition-opacity duration-300 pointer-events-none opacity-0"
        type="button"
      >
        <span
          class="flex self-center text-inherit leading-none"
        >
          <svg
            aria-label="Scroll to top"
            class="translate-z icon-sm text-icon-secondary"
            fill="none"
            role="img"
            stroke="currentColor"
            viewBox="0 0 24 24"
          >
            <g
              id="arrow-circle-up-outline-icon"
            >
              <path
                d="M16 12L12 8M12 8L8 12M12 8V16M22 12C22 17.5228 17.5228 22 12 22C6.47715 22 2 17.5228 2 12C2 6.47715 6.47715 2 12 2C17.5228 2 22 6.47715 22 12Z"
                id="Icon"
                stroke-linecap="round"
                stroke-linejoin="round"
                stroke-width="2"
              />
            </g>
          </svg>
        </span>
      </button>
    </p>
    <a
      class="mb-1.5 flex items-center justify-between truncate !text-pretty focus-visible:relative focus-visible:z-10"
      data-state="closed"
      href="#base-level-heading"
    >
      <p
        class="text-default font-normal text-[14px] leading-[1.5715] tracking-[-0.006rem] w-full !text-secondary hocus:!text-link"
        data-text="true"
      >
        Base level heading
      </p>
    </a>
    <a
      class="mb-1.5 flex items-center justify-between truncate !text-pretty pl-3 focus-visible:relative focus-visible:z-10"
      data-state="closed"
      href="#level-3-subheading"
    >
      <p
        class="text-default font-normal text-[14px] leading-[1.5715] tracking-[-0.006rem] w-full !text-secondary hocus:!text-link"
        data-text="true"
      >
        Level 3 subheading
      </p>
    </a>
    <a
      class="mb-1.5 flex items-center justify-between truncate !text-pretty pl-3 focus-visible:relative focus-visible:z-10"
      data-state="closed"
      href="#code-heading-depth-1"
    >
      <code
        class="leading-[1.6154] text-default w-full !text-secondary hocus:!text-link truncate !text-2xs"
        data-text="true"
      >
        Code heading depth 1
      </code>
    </a>
  </nav>
</div>
`;
