// Jest Snapshot v1, https://goo.gl/fbAQLP

exports[`APICommentTextBlock basic comment 1`] = `
<div>
  <div
    class="px-4 [table_&]:!mb-0 [table_&]:px-0"
  >
    <p
      class="text-default font-normal text-[14px] leading-[1.5715] tracking-[-0.006rem] mb-2.5 [table_&]:last:mb-0"
      data-text="true"
    >
      This is the basic comment.
    </p>
  </div>
</div>
`;

exports[`APICommentTextBlock comment with example 1`] = `
<div>
  <div
    class="px-4 [table_&]:!mb-0 [table_&]:px-0"
  >
    <div
      class="mb-3 flex flex-row items-start [table_&]:mb-2.5"
    >
      <span
        class="text-default font-normal text-[14px] leading-[1.5715] tracking-[-0.006rem] inline-flex items-center"
        data-text="true"
      >
        <div
          class="mr-2 inline-flex min-h-[21px] select-none items-center gap-1 rounded-full border px-[7px] py-0.5 last:mr-0 [table_&]:mt-0 [table_&]:px-1.5 [table_&]:py-0.5 [h3_&]:last-of-type:mr-0 [h4_&]:last-of-type:mr-0 bg-palette-green3 text-palette-green12 border-palette-green4"
        >
          <svg
            class="translate-z icon-2xs mt-[-0.5px] shrink-0 text-palette-green12 opacity-80"
            fill="none"
            role="img"
            viewBox="0 0 24 24"
          >
            <g
              id="android-custom-icon"
            >
              <path
                d="M17.0628 15.073C16.5576 15.073 16.1467 14.6605 16.1467 14.1537C16.1467 13.6469 16.5576 13.2347 17.0628 13.2347C17.5679 13.2347 17.9788 13.6469 17.9788 14.1537C17.9788 14.6605 17.5679 15.073 17.0628 15.073ZM6.9372 15.073C6.43204 15.073 6.02116 14.6605 6.02116 14.1537C6.02116 13.6469 6.43204 13.2347 6.9372 13.2347C7.44234 13.2347 7.85325 13.6469 7.85325 14.1537C7.85325 14.6605 7.44234 15.073 6.9372 15.073ZM17.3913 9.53705L19.2222 6.35598C19.3272 6.17313 19.2647 5.93959 19.0828 5.834C18.9008 5.72871 18.6677 5.79135 18.5624 5.97389L16.7087 9.19523C15.291 8.54619 13.6989 8.18468 12 8.18468C10.3011 8.18468 8.70893 8.54619 7.29131 9.19523L5.43751 5.97389C5.33226 5.79135 5.09916 5.72871 4.9172 5.834C4.73524 5.93959 4.67251 6.17313 4.77776 6.35598L6.60865 9.53705C3.46479 11.2524 1.31456 14.4454 1 18.2177H23C22.6851 14.4454 20.5349 11.2524 17.3913 9.53705Z"
                fill="currentColor"
                id="Vector"
              />
            </g>
          </svg>
          <span
            class="whitespace-nowrap !text-3xs font-normal !leading-none"
          >
            Android
          </span>
        </div>
      </span>
    </div>
    <p
      class="text-default font-normal text-[14px] leading-[1.5715] tracking-[-0.006rem] mb-2.5 [table_&]:last:mb-0"
      data-text="true"
    >
      Gets the referrer URL of the installed app with the 
      <a
        class="cursor-pointer decoration-0 hocus:opacity-80 font-normal text-link visited:text-link hocus:underline [&_code]:hocus:underline [&_b]:text-link [&_code]:text-link [&_em]:text-link [&_i]:text-link [&_span]:text-link [&_strong]:text-link"
        href="https://developer.android.com/google/play/installreferrer"
        rel="noopener noreferrer"
        target="_blank"
      >
        <code
          class="text-default text-[13px] font-normal leading-[130%] tracking-[-0.003rem] inline-block rounded-md border border-secondary bg-subtle px-1 break-words !inline py-0"
          data-text="true"
        >
          Install Referrer API
        </code>
      </a>
      
from the Google Play Store. In practice, the referrer URL may not be a complete, absolute URL.
    </p>
    <div
      class="mb-2.5 [table_&]:last:mb-0 last:[&>*]:!mb-0"
    >
      <p
        class="tracking-[-0.006rem] flex border-y border-palette-gray4 bg-subtle px-4 py-2 text-2xs font-medium text-tertiary -mx-4 mb-3 mt-1"
        data-text="true"
      >
        <span
          class="tracking-[-0.006rem] flex flex-row items-center gap-2 text-2xs font-medium text-tertiary"
          data-text="true"
        >
          <svg
            class="translate-z icon-sm text-icon-secondary"
            fill="none"
            role="img"
            stroke="currentColor"
            viewBox="0 0 24 24"
          >
            <g
              id="code-square-01-outline-icon"
            >
              <path
                d="M14.5 15L17.5 12L14.5 9M9.5 9L6.5 12L9.5 15M7.8 21H16.2C17.8802 21 18.7202 21 19.362 20.673C19.9265 20.3854 20.3854 19.9265 20.673 19.362C21 18.7202 21 17.8802 21 16.2V7.8C21 6.11984 21 5.27976 20.673 4.63803C20.3854 4.07354 19.9265 3.6146 19.362 3.32698C18.7202 3 17.8802 3 16.2 3H7.8C6.11984 3 5.27976 3 4.63803 3.32698C4.07354 3.6146 3.6146 4.07354 3.32698 4.63803C3 5.27976 3 6.11984 3 7.8V16.2C3 17.8802 3 18.7202 3.32698 19.362C3.6146 19.9265 4.07354 20.3854 4.63803 20.673C5.27976 21 6.11984 21 7.8 21Z"
                id="Icon"
                stroke-linecap="round"
                stroke-linejoin="round"
                stroke-width="2"
              />
            </g>
          </svg>
          Example
        </span>
      </p>
      <pre
        class="relative my-4 overflow-x-auto whitespace-pre rounded-md border border-secondary bg-subtle p-4 [p+&]:mt-0"
        data-text="true"
      >
        <code
          class="text-2xs text-default"
        >
          <span
            class="token keyword"
          >
            await
          </span>
           Application
          <span
            class="token punctuation"
          >
            .
          </span>
          <span
            class="token function"
          >
            getInstallReferrerAsync
          </span>
          <span
            class="token punctuation"
          >
            (
          </span>
          <span
            class="token punctuation"
          >
            )
          </span>
          <span
            class="token punctuation"
          >
            ;
          </span>
          

          <span
            class="token comment"
          >
            // "utm_source=google-play&utm_medium=organic"
          </span>
          

        </code>
      </pre>
    </div>
  </div>
</div>
`;

exports[`APICommentTextBlock no comment 1`] = `
<div>
  <div
    class="px-4 [table_&]:!mb-0 [table_&]:px-0"
  />
</div>
`;
