// Jest Snapshot v1, https://goo.gl/fbAQLP

exports[`DocumentationSidebarRight correctly matches snapshot 1`] = `
<div>
  <nav
    class="css-wc5n09"
    data-sidebar="true"
  >
    <p
      class="absolute -mt-14 bg-default w-[248px] flex min-h-[32px] pt-4 pb-2 gap-2 mb-2 items-center select-none css-1t1p06f-TextComponent"
      data-text="true"
    >
      <svg
        class="text-icon-default icon-sm"
        fill="none"
        role="img"
        stroke="currentColor"
        viewBox="0 0 24 24"
        xmlns="http://www.w3.org/2000/svg"
      >
        <g
          id="layout-alt-03"
        >
          <path
            d="M17.5 17H6.5M17.5 13H6.5M3 9H21M7.8 3H16.2C17.8802 3 18.7202 3 19.362 3.32698C19.9265 3.6146 20.3854 4.07354 20.673 4.63803C21 5.27976 21 6.11984 21 7.8V16.2C21 17.8802 21 18.7202 20.673 19.362C20.3854 19.9265 19.9265 20.3854 19.362 20.673C18.7202 21 17.8802 21 16.2 21H7.8C6.11984 21 5.27976 21 4.63803 20.673C4.07354 20.3854 3.6146 19.9265 3.32698 19.362C3 18.7202 3 17.8802 3 16.2V7.8C3 6.11984 3 5.27976 3.32698 4.63803C3.6146 4.07354 4.07354 3.6146 4.63803 3.32698C5.27976 3 6.11984 3 7.8 3Z"
            id="Icon"
            stroke-linecap="round"
            stroke-linejoin="round"
            stroke-width="2"
          />
        </g>
      </svg>
       On this page
      <button
        class="cursor-pointer inline-flex border border-solid rounded-md font-medium gap-2 items-center whitespace-nowrap h-8 text-3xs border-button-quaternary bg-button-quaternary text-button-quaternary shadow-none hocus:bg-button-quaternary-hover active:scale-98 ml-auto mr-2 px-2 transition-opacity duration-300 opacity-0 pointer-events-none"
        type="button"
      >
        <span
          class="flex self-center text-inherit leading-none"
        >
          <svg
            class="icon-sm text-icon-secondary"
            fill="none"
            role="img"
            stroke="currentColor"
            viewBox="0 0 24 24"
            xmlns="http://www.w3.org/2000/svg"
          >
            <g
              id="arrow-circle-up"
            >
              <path
                d="M16 12L12 8M12 8L8 12M12 8V16M22 12C22 17.5228 17.5228 22 12 22C6.47715 22 2 17.5228 2 12C2 6.47715 6.47715 2 12 2C17.5228 2 22 6.47715 22 12Z"
                id="Icon"
                stroke-linecap="round"
                stroke-linejoin="round"
                stroke-width="2"
              />
            </g>
          </svg>
        </span>
      </button>
    </p>
    <a
      class="css-1qdw8ng"
      href="#base-level-heading"
    >
      <p
        class="css-dhipyq-TextComponent"
        data-text="true"
      >
        Base level heading
      </p>
    </a>
    <a
      class="css-5qfo0n"
      href="#level-3-subheading"
    >
      <p
        class="css-dhipyq-TextComponent"
        data-text="true"
      >
        Level 3 subheading
      </p>
    </a>
    <a
      class="css-5qfo0n"
      href="#code-heading-depth-1"
    >
      <code
        class="css-1jai1da-TextComponent"
        data-text="true"
      >
        Code heading depth 1
      </code>
    </a>
  </nav>
</div>
`;
